probing 937 companies (209 already have boards, 40 previously checked)
  ✓ Atlas Atomics: ashby/atlas [medium] jobs=7
  ✓ Weave Robotics: greenhouse/weave [high] jobs=7
  ✓ Orb Aerospace: lever/orbaerospace [high] jobs=8
  ✓ Sphinx Defense: greenhouse/sphinxdefense [high] jobs=19
  ✓ Nidus: ashby/nidus-technologies [high] jobs=5
  ✓ Ironstead: ashby/ironstead [high] jobs=5
  ✓ Uplift: greenhouse/uplift [high] jobs=22
  ✓ Maybell Quantum: greenhouse/maybellquantum [high] jobs=22
  ✓ Reframe Systems: ashby/reframesystems [high] jobs=33
  ✓ Tiberius Aerospace: lever/tiberius [high] jobs=19
  ✓ Efficient Computer: greenhouse/efficientcomputer [medium] jobs=19
  ✓ Quantum Space: greenhouse/quantumspacellc [high] jobs=39
  ✓ Applied Atomics: greenhouse/appliedatomicsinc [high] jobs=8
  ✓ The Red Metal Company: ashby/redmetals [high] jobs=4
  ✓ Nucleus RadioPharma: greenhouse/nucleus [medium] jobs=22
  ✓ Phaidra: greenhouse/phaidra [high] jobs=8
  ✓ Slate Auto: ashby/slate [high] jobs=3
  ✓ Chai Discovery: ashby/chaidiscovery [high] jobs=15
  ✓ Beyond Reach Labs: ashby/beyondreachlabs [high] jobs=6
  ✓ Sphere Semi: ashby/sphere [medium] jobs=16
  ✓ Spaceium: greenhouse/spaceium [high] jobs=10
  ✓ Blackstar: ashby/blackstar [high] jobs=4
  ✓ Besxar Space Industries: greenhouse/besxar [high] jobs=3
  ✓ EdgeRunner AI: ashby/edgerunner-ai [high] jobs=4
  … 50/937 checked, 24 boards found
  ✓ Twenty: ashby/twenty [high] jobs=30
  ✓ Peak Quantum: greenhouse/peak [medium] jobs=50
  ✓ Hyperscale Power: ashby/hyperscale-power [high] jobs=7
  ✓ Neros: greenhouse/nerostechnologies [high] jobs=96
  ✓ Phoenix Tailings: ashby/phoenix [medium] jobs=17
  ✓ Picogrid: ashby/picogrid [high] jobs=18
  ✓ CX2 Industries: lever/cx2 [high] jobs=5
  ✓ Blue Water Autonomy: rippling/blue-water-autonomy [high] jobs=None
  ✓ Aalo Atomics: rippling/aalo-atomics [high] jobs=None
  ✓ Antares: ashby/antares [high] jobs=89
  ✓ Last Energy: lever/last-energy [high] jobs=33
  ✓ Apex Space: ashby/apex-technology-inc [high] jobs=118
  ✓ Reflect Orbital: ashby/reflect-orbital [medium] jobs=22
  ✓ Observable Space: ashby/observable-space [high] jobs=30
  ✓ Astro Mechanica: ashby/astro-mechanica [high] jobs=39
  ✓ Venus Aerospace: lever/venusaero [high] jobs=30
  ✓ Field AI: lever/field-ai [medium] jobs=92
  ✓ Rangeview: greenhouse/rangeviewinc [high] jobs=7
  ✓ DIRAC: greenhouse/diracinc [high] jobs=7
  ✓ Nucleus Genomics: greenhouse/nucleus [medium] jobs=22
  ✓ Rainmaker: ashby/rainmaker [high] jobs=26
  ✓ Substrate: ashby/substrate [high] jobs=7
  ✓ Airship Industries: greenhouse/airship [medium] jobs=5
  ✓ Navier: greenhouse/navierboat [high] jobs=8
  ✓ Vital Lyfe: ashby/vital-lyfe [high] jobs=11
  ✓ Northwood Space: ashby/northwoodspace [high] jobs=81
  ✓ Reveal Technology: lever/revealtech [high] jobs=3
  ✓ Xcimer Energy: lever/xcimer [high] jobs=44
  ✓ Distributed Spectrum: ashby/distributed-spectrum [high] jobs=11
  … 100/937 checked, 53 boards found
  ✓ Aurelius Systems: ashby/aureliussystems [high] jobs=13
  ✓ Zeromark: ashby/zeromark [high] jobs=10
  ✓ Aalyria: rippling/aalyria-careers [high] jobs=None
  ✓ Rune Technologies: ashby/runetech [high] jobs=17
  ✓ AnySignal: ashby/anysignal [high] jobs=22
  ✓ Cowboy Space Corporation: ashby/cowboyspace [high] jobs=89
  ✓ Biofire: ashby/biofire [medium] jobs=9
  ✓ Endurance Energy: ashby/endurance-energy [high] jobs=17
  ✓ Andromeda Surgical: ashby/andromedasurgical [high] jobs=3
  ✓ fab2: ashby/fab2 [high] jobs=61
  ✓ Bedrock Ocean: ashby/bedrockocean [high] jobs=5
  ✓ Amperon: greenhouse/amperon [high] jobs=2
  ✓ Standard Subsea: ashby/standardsubsea [high] jobs=2
  ✓ PILGRIM: ashby/pilgrim [high] jobs=15
  ✓ Zap Energy: rippling/zap-energy-careers [high] jobs=None
  ✓ Daylight Computer: greenhouse/daylight [medium] jobs=5
  ✓ Longshot Space: rippling/en-gb [high] jobs=None
  ✓ Fuse Energy: ashby/fuse [high] jobs=38
  ✓ Destinus: workable/destinusgroup [high] jobs=163
  ✓ Terranova: ashby/terranova [high] jobs=16
  ✓ Medra: ashby/medraai [high] jobs=13
  ✓ Mariana Minerals: ashby/marianaminerals [high] jobs=76
  ✓ FleetZero: lever/fleetzero [high] jobs=9
  ✓ Fortastra: greenhouse/fortastracorporation [high] jobs=12
  … 150/937 checked, 77 boards found
  ✓ Space Forge: greenhouse/space [medium] jobs=5
  ✓ Orbital Marine Power: ashby/orbital [medium] jobs=25
  ✓ Black Semiconductor: ashby/blacksemiconductor [high] jobs=30
  ✓ Proxima Fusion: ashby/proxima-fusion [medium] jobs=44
  ✓ Verkor: lever/verkor [high] jobs=45
  ✓ Neko Health: ashby/neko-health [medium] jobs=110
  ✓ Exotec: workable/exotec [medium] jobs=64
  ✓ ICEYE: ashby/iceye [high] jobs=187
  ✓ ANYbotics: lever/anybotics [high] jobs=18
  ✓ Alice & Bob: lever/alice-bob [high] jobs=27
  ✓ QuantWare: ashby/quantware [high] jobs=27
  ✓ Quantum Machines: ashby/quantum [medium] jobs=11
  ✓ GITAI: greenhouse/gitai [high] jobs=17
  ✓ Quantum Brilliance: bamboohr/quantumbrilliance [high] jobs=None
  ✓ Fleet Space Technologies: greenhouse/fleet [high] jobs=41
  ✓ SunDrive Solar: lever/sundrivesolar [high] jobs=1
  ✓ Dawn Aerospace: greenhouse/dawnaerospace [high] jobs=16
  ✓ Monumental: ashby/monumental [high] jobs=23
  ✓ Deep Isolation: bamboohr/deepisolation [high] jobs=None
  ✓ Delian Alliance Industries: ashby/delian [high] jobs=2
  … 200/937 checked, 97 boards found
  ✓ RobCo: ashby/robco [high] jobs=42
  ✓ Long Wall: lever/longwall [high] jobs=22
  ✓ GrayMatter Robotics: ashby/graymatter-robotics [high] jobs=17
  ✓ Bedrock Robotics: ashby/bedrock-robotics [medium] jobs=39
  ✓ Pano AI: ashby/pano-ai [high] jobs=12
  ✓ Multiply Labs: lever/multiplylabs [high] jobs=5
  ✓ Orbital Composites: ashby/orbital [medium] jobs=25
  ✓ Built Robotics: ashby/built-robotics [medium] jobs=7
  ✓ Dexterity: lever/dexterity [high] jobs=28
  ✓ Harbinger: greenhouse/harbingermotors [high] jobs=100
  ✓ Osaro: lever/osaro [high] jobs=11
  ✓ Parallel Systems: greenhouse/parallel [high] jobs=18
  ✓ Lumafield: lever/lumafield [high] jobs=16
  ✓ Rain Industries: ashby/rain [high] jobs=46
  ✓ Waabi: lever/waabi [high] jobs=88
  ✓ Kepler Communications: lever/kepler [high] jobs=20
  ✓ GHGSat: workable/ghgsat [high] jobs=4
  ✓ Fortera: greenhouse/forteracorporation [high] jobs=2
  ✓ eGenesis: lever/egenesisbio [high] jobs=10
  ✓ Osmo: ashby/osmo [high] jobs=37
  ✓ Mainspring Energy: lever/mainspringenergy [high] jobs=92
  ✓ Poseidon Aerospace: ashby/poseidonaero [high] jobs=20
  … 250/937 checked, 119 boards found
  ✓ Hexium: greenhouse/hexium [high] jobs=2
  ✓ General Galactic: greenhouse/general [medium] jobs=1
  ✓ Electric Hydrogen: greenhouse/eh2 [high] jobs=18
  ✓ Graphyte: ashby/graphyte [high] jobs=1
  ✓ Vatn Systems: greenhouse/vatnsystems [medium] jobs=22
  ✓ Zeta Surgical: lever/zeta [medium] jobs=21
  ✓ Asimov: ashby/asimov [high] jobs=5
  ✓ Tenna Systems: lever/tenna [medium] jobs=47
  ✓ Fourth Power: ashby/fourth-power [medium] jobs=3
  ✓ Elroy Air: lever/elroyair [high] jobs=8
  ✓ CORE POWER: bamboohr/corepowerenergy [high] jobs=None
  ✓ REGENT Craft: greenhouse/regent [medium] jobs=10
  ✓ Layup Parts: lever/layup [high] jobs=30
  ✓ Axial Composites: greenhouse/axial [medium] jobs=5
  ✓ Nox Metals: ashby/nox-metals [medium] jobs=19
  ✓ RISE Robotics: lever/rise [high] jobs=23
  ✓ Foundry Lab: greenhouse/foundry [medium] jobs=9
  … 300/937 checked, 136 boards found
  ✓ Nascent Materials: ashby/nascent [medium] jobs=4
  ✓ Seurat Technologies: greenhouse/seurat [high] jobs=4
  ✓ Lumotive: lever/lumotive [high] jobs=7
  ✓ Standard Bots: ashby/standardbots [high] jobs=36
  ✓ Path Robotics: greenhouse/pathrobotics [medium] jobs=46
  ✓ Voyant Photonics: ashby/voyant-photonics [medium] jobs=7
  ✓ Vertical Semiconductor: ashby/verticalsemi [high] jobs=5
  ✓ Ultra Robotics: ashby/ultra [high] jobs=5
  ✓ First Resonance: ashby/first-resonance [high] jobs=13
  ✓ MaverickX: lever/maverickx [high] jobs=7